error: item has both inner and outer attributes
  --> tests/ui/mixed_attributes_style/auxiliary/submodule.rs:5:1
   |
LL | / #[allow(unused)]
LL | |
LL | |
LL | | mod foo {
LL | |     #![allow(dead_code)]
   | |________________________^
   |
   = note: `-D clippy::mixed-attributes-style` implied by `-D warnings`
   = help: to override `-D warnings` add `#[allow(clippy::mixed_attributes_style)]`

error: empty line after outer attribute
  --> tests/ui/mixed_attributes_style/auxiliary/submodule.rs:5:1
   |
LL | / #[allow(unused)]
LL | |
LL | |
   | |_^
LL |   mod foo {
   |   ------- the attribute applies to this module
   |
   = note: `-D clippy::empty-line-after-outer-attr` implied by `-D warnings`
   = help: to override `-D warnings` add `#[allow(clippy::empty_line_after_outer_attr)]`
   = help: if the empty line is unintentional remove it
help: if the attribute should apply to the parent module use an inner attribute
   |
LL | #![allow(unused)]
   |  +

error: aborting due to 2 previous errors

