error: the `dbg!` macro is intended as a debugging tool
  --> $DIR/dbg_macro.rs:6:22
   |
LL |     if let Some(n) = dbg!(n.checked_sub(4)) { n } else { n }
   |                      ^^^^^^^^^^^^^^^^^^^^^^
   |
   = note: `-D clippy::dbg-macro` implied by `-D warnings`
help: remove the invocation before committing it to a version control system
   |
LL |     if let Some(n) = n.checked_sub(4) { n } else { n }
   |                      ~~~~~~~~~~~~~~~~

error: the `dbg!` macro is intended as a debugging tool
  --> $DIR/dbg_macro.rs:11:8
   |
LL |     if dbg!(n <= 1) {
   |        ^^^^^^^^^^^^
   |
help: remove the invocation before committing it to a version control system
   |
LL |     if n <= 1 {
   |        ~~~~~~

error: the `dbg!` macro is intended as a debugging tool
  --> $DIR/dbg_macro.rs:12:9
   |
LL |         dbg!(1)
   |         ^^^^^^^
   |
help: remove the invocation before committing it to a version control system
   |
LL |         1
   |

error: the `dbg!` macro is intended as a debugging tool
  --> $DIR/dbg_macro.rs:14:9
   |
LL |         dbg!(n * factorial(n - 1))
   |         ^^^^^^^^^^^^^^^^^^^^^^^^^^
   |
help: remove the invocation before committing it to a version control system
   |
LL |         n * factorial(n - 1)
   |

error: the `dbg!` macro is intended as a debugging tool
  --> $DIR/dbg_macro.rs:19:5
   |
LL |     dbg!(42);
   |     ^^^^^^^^
   |
help: remove the invocation before committing it to a version control system
   |
LL |     42;
   |     ~~

error: the `dbg!` macro is intended as a debugging tool
  --> $DIR/dbg_macro.rs:20:5
   |
LL |     dbg!(dbg!(dbg!(42)));
   |     ^^^^^^^^^^^^^^^^^^^^
   |
help: remove the invocation before committing it to a version control system
   |
LL |     dbg!(dbg!(42));
   |     ~~~~~~~~~~~~~~

error: the `dbg!` macro is intended as a debugging tool
  --> $DIR/dbg_macro.rs:21:14
   |
LL |     foo(3) + dbg!(factorial(4));
   |              ^^^^^^^^^^^^^^^^^^
   |
help: remove the invocation before committing it to a version control system
   |
LL |     foo(3) + factorial(4);
   |              ~~~~~~~~~~~~

error: the `dbg!` macro is intended as a debugging tool
  --> $DIR/dbg_macro.rs:22:5
   |
LL |     dbg!(1, 2, dbg!(3, 4));
   |     ^^^^^^^^^^^^^^^^^^^^^^
   |
help: remove the invocation before committing it to a version control system
   |
LL |     (1, 2, dbg!(3, 4));
   |     ~~~~~~~~~~~~~~~~~~

error: the `dbg!` macro is intended as a debugging tool
  --> $DIR/dbg_macro.rs:23:5
   |
LL |     dbg!(1, 2, 3, 4, 5);
   |     ^^^^^^^^^^^^^^^^^^^
   |
help: remove the invocation before committing it to a version control system
   |
LL |     (1, 2, 3, 4, 5);
   |     ~~~~~~~~~~~~~~~

error: the `dbg!` macro is intended as a debugging tool
  --> $DIR/dbg_macro.rs:43:5
   |
LL |     dbg!();
   |     ^^^^^^^
   |
help: remove the invocation before committing it to a version control system
   |
LL -     dbg!();
LL +     
   |

error: the `dbg!` macro is intended as a debugging tool
  --> $DIR/dbg_macro.rs:45:13
   |
LL |     let _ = dbg!();
   |             ^^^^^^
   |
help: remove the invocation before committing it to a version control system
   |
LL |     let _ = ();
   |             ~~

error: the `dbg!` macro is intended as a debugging tool
  --> $DIR/dbg_macro.rs:46:9
   |
LL |     bar(dbg!());
   |         ^^^^^^
   |
help: remove the invocation before committing it to a version control system
   |
LL |     bar(());
   |         ~~

error: the `dbg!` macro is intended as a debugging tool
  --> $DIR/dbg_macro.rs:47:10
   |
LL |     foo!(dbg!());
   |          ^^^^^^
   |
help: remove the invocation before committing it to a version control system
   |
LL |     foo!(());
   |          ~~

error: the `dbg!` macro is intended as a debugging tool
  --> $DIR/dbg_macro.rs:48:16
   |
LL |     foo2!(foo!(dbg!()));
   |                ^^^^^^
   |
help: remove the invocation before committing it to a version control system
   |
LL |     foo2!(foo!(()));
   |                ~~

error: the `dbg!` macro is intended as a debugging tool
  --> $DIR/dbg_macro.rs:69:9
   |
LL |         dbg!(2);
   |         ^^^^^^^
   |
help: remove the invocation before committing it to a version control system
   |
LL |         2;
   |         ~

error: the `dbg!` macro is intended as a debugging tool
  --> $DIR/dbg_macro.rs:75:5
   |
LL |     dbg!(1);
   |     ^^^^^^^
   |
help: remove the invocation before committing it to a version control system
   |
LL |     1;
   |     ~

error: the `dbg!` macro is intended as a debugging tool
  --> $DIR/dbg_macro.rs:80:5
   |
LL |     dbg!(1);
   |     ^^^^^^^
   |
help: remove the invocation before committing it to a version control system
   |
LL |     1;
   |     ~

error: the `dbg!` macro is intended as a debugging tool
  --> $DIR/dbg_macro.rs:86:9
   |
LL |         dbg!(1);
   |         ^^^^^^^
   |
help: remove the invocation before committing it to a version control system
   |
LL |         1;
   |         ~

error: aborting due to 18 previous errors

