error: explicit `deref` method call
  --> $DIR/explicit_deref_methods.rs:53:19
   |
LL |     let b: &str = a.deref();
   |                   ^^^^^^^^^ help: try this: `&*a`
   |
   = note: `-D clippy::explicit-deref-methods` implied by `-D warnings`

error: explicit `deref_mut` method call
  --> $DIR/explicit_deref_methods.rs:55:23
   |
LL |     let b: &mut str = a.deref_mut();
   |                       ^^^^^^^^^^^^^ help: try this: `&mut **a`

error: explicit `deref` method call
  --> $DIR/explicit_deref_methods.rs:58:39
   |
LL |     let b: String = format!("{}, {}", a.deref(), a.deref());
   |                                       ^^^^^^^^^ help: try this: `&*a`

error: explicit `deref` method call
  --> $DIR/explicit_deref_methods.rs:58:50
   |
LL |     let b: String = format!("{}, {}", a.deref(), a.deref());
   |                                                  ^^^^^^^^^ help: try this: `&*a`

error: explicit `deref` method call
  --> $DIR/explicit_deref_methods.rs:60:20
   |
LL |     println!("{}", a.deref());
   |                    ^^^^^^^^^ help: try this: `&*a`

error: explicit `deref` method call
  --> $DIR/explicit_deref_methods.rs:63:11
   |
LL |     match a.deref() {
   |           ^^^^^^^^^ help: try this: `&*a`

error: explicit `deref` method call
  --> $DIR/explicit_deref_methods.rs:67:28
   |
LL |     let b: String = concat(a.deref());
   |                            ^^^^^^^^^ help: try this: `&*a`

error: explicit `deref` method call
  --> $DIR/explicit_deref_methods.rs:69:13
   |
LL |     let b = just_return(a).deref();
   |             ^^^^^^^^^^^^^^^^^^^^^^ help: try this: `just_return(a)`

error: explicit `deref` method call
  --> $DIR/explicit_deref_methods.rs:71:28
   |
LL |     let b: String = concat(just_return(a).deref());
   |                            ^^^^^^^^^^^^^^^^^^^^^^ help: try this: `just_return(a)`

error: explicit `deref` method call
  --> $DIR/explicit_deref_methods.rs:73:19
   |
LL |     let b: &str = a.deref().deref();
   |                   ^^^^^^^^^^^^^^^^^ help: try this: `&**a`

error: explicit `deref` method call
  --> $DIR/explicit_deref_methods.rs:76:13
   |
LL |     let b = opt_a.unwrap().deref();
   |             ^^^^^^^^^^^^^^^^^^^^^^ help: try this: `&*opt_a.unwrap()`

error: explicit `deref` method call
  --> $DIR/explicit_deref_methods.rs:113:31
   |
LL |     let b: &str = expr_deref!(a.deref());
   |                               ^^^^^^^^^ help: try this: `&*a`

error: aborting due to 12 previous errors

