error: current MSRV (Minimum Supported Rust Version) is `1.3.0` but this item is stable since `1.10.0`
  --> tests/ui/incompatible_msrv.rs:15:39
   |
LL |     assert_eq!(map.entry("poneyland").key(), &"poneyland");
   |                                       ^^^^^
   |
   = note: `-D clippy::incompatible-msrv` implied by `-D warnings`
   = help: to override `-D warnings` add `#[allow(clippy::incompatible_msrv)]`

error: current MSRV (Minimum Supported Rust Version) is `1.3.0` but this item is stable since `1.12.0`
  --> tests/ui/incompatible_msrv.rs:21:11
   |
LL |         v.into_key();
   |           ^^^^^^^^^^

error: current MSRV (Minimum Supported Rust Version) is `1.3.0` but this item is stable since `1.4.0`
  --> tests/ui/incompatible_msrv.rs:25:5
   |
LL |     sleep(Duration::new(1, 0));
   |     ^^^^^

error: current MSRV (Minimum Supported Rust Version) is `1.3.0` but this item is stable since `1.43.0`
  --> tests/ui/incompatible_msrv.rs:49:17
   |
LL |         let _ = core::iter::once_with(|| 0);
   |                 ^^^^^^^^^^^^^^^^^^^^^

error: current MSRV (Minimum Supported Rust Version) is `1.3.0` but this item is stable since `1.43.0`
  --> tests/ui/incompatible_msrv.rs:56:21
   |
LL |             let _ = core::iter::once_with(|| $msg);
   |                     ^^^^^^^^^^^^^^^^^^^^^
...
LL |     my_panic!("foo");
   |     ---------------- in this macro invocation
   |
   = note: this error originates in the macro `my_panic` (in Nightly builds, run with -Z macro-backtrace for more info)

error: current MSRV (Minimum Supported Rust Version) is `1.3.0` but this item is stable since `1.43.0`
  --> tests/ui/incompatible_msrv.rs:63:13
   |
LL |     assert!(core::iter::once_with(|| 0).next().is_some());
   |             ^^^^^^^^^^^^^^^^^^^^^

error: current MSRV (Minimum Supported Rust Version) is `1.80.0` but this item is stable since `1.82.0`
  --> tests/ui/incompatible_msrv.rs:76:13
   |
LL |     let _ = std::iter::repeat_n((), 5);
   |             ^^^^^^^^^^^^^^^^^^^

error: current MSRV (Minimum Supported Rust Version) is `1.3.0` but this item is stable since `1.82.0`
  --> tests/ui/incompatible_msrv.rs:81:13
   |
LL |     let _ = std::iter::repeat_n((), 5);
   |             ^^^^^^^^^^^^^^^^^^^

error: current MSRV (Minimum Supported Rust Version) is `1.3.0` but this item is stable since `1.82.0`
  --> tests/ui/incompatible_msrv.rs:86:17
   |
LL |         let _ = std::iter::repeat_n((), 5);
   |                 ^^^^^^^^^^^^^^^^^^^
   |
   = note: you may want to conditionally increase the MSRV considered by Clippy using the `clippy::msrv` attribute

error: current MSRV (Minimum Supported Rust Version) is `1.3.0` but this item is stable since `1.82.0`
  --> tests/ui/incompatible_msrv.rs:91:17
   |
LL |         let _ = std::iter::repeat_n((), 5);
   |                 ^^^^^^^^^^^^^^^^^^^

error: current MSRV (Minimum Supported Rust Version) is `1.78.0` but this item is stable since `1.84.0`
  --> tests/ui/incompatible_msrv.rs:104:7
   |
LL |     r.isqrt()
   |       ^^^^^^^

error: current MSRV (Minimum Supported Rust Version) is `1.3.0` but this item is stable since `1.85.0`
  --> tests/ui/incompatible_msrv.rs:109:13
   |
LL |     let _ = std::io::ErrorKind::CrossesDevices;
   |             ^^^^^^^^^^^^^^^^^^^^^^^^^^^^^^^^^^

error: aborting due to 12 previous errors

