error: variables in the condition are not mutated in the loop body
  --> $DIR/infinite_loop.rs:22:11
   |
LL |     while y < 10 {
   |           ^^^^^^
   |
   = note: this may lead to an infinite or to a never running loop
   = note: `#[deny(clippy::while_immutable_condition)]` on by default

error: variables in the condition are not mutated in the loop body
  --> $DIR/infinite_loop.rs:27:11
   |
LL |     while y < 10 && x < 3 {
   |           ^^^^^^^^^^^^^^^
   |
   = note: this may lead to an infinite or to a never running loop

error: variables in the condition are not mutated in the loop body
  --> $DIR/infinite_loop.rs:34:11
   |
LL |     while !cond {
   |           ^^^^^
   |
   = note: this may lead to an infinite or to a never running loop

error: variables in the condition are not mutated in the loop body
  --> $DIR/infinite_loop.rs:78:11
   |
LL |     while i < 3 {
   |           ^^^^^
   |
   = note: this may lead to an infinite or to a never running loop

error: variables in the condition are not mutated in the loop body
  --> $DIR/infinite_loop.rs:83:11
   |
LL |     while i < 3 && j > 0 {
   |           ^^^^^^^^^^^^^^
   |
   = note: this may lead to an infinite or to a never running loop

error: variables in the condition are not mutated in the loop body
  --> $DIR/infinite_loop.rs:87:11
   |
LL |     while i < 3 {
   |           ^^^^^
   |
   = note: this may lead to an infinite or to a never running loop

error: variables in the condition are not mutated in the loop body
  --> $DIR/infinite_loop.rs:102:11
   |
LL |     while i < 3 {
   |           ^^^^^
   |
   = note: this may lead to an infinite or to a never running loop

error: variables in the condition are not mutated in the loop body
  --> $DIR/infinite_loop.rs:107:11
   |
LL |     while i < 3 {
   |           ^^^^^
   |
   = note: this may lead to an infinite or to a never running loop

error: variables in the condition are not mutated in the loop body
  --> $DIR/infinite_loop.rs:173:15
   |
LL |         while self.count < n {
   |               ^^^^^^^^^^^^^^
   |
   = note: this may lead to an infinite or to a never running loop

error: variables in the condition are not mutated in the loop body
  --> $DIR/infinite_loop.rs:181:11
   |
LL |     while y < 10 {
   |           ^^^^^^
   |
   = note: this may lead to an infinite or to a never running loop
   = note: this loop contains `return`s or `break`s
   = help: rewrite it as `if cond { loop { } }`

error: variables in the condition are not mutated in the loop body
  --> $DIR/infinite_loop.rs:188:11
   |
LL |     while y < 10 {
   |           ^^^^^^
   |
   = note: this may lead to an infinite or to a never running loop
   = note: this loop contains `return`s or `break`s
   = help: rewrite it as `if cond { loop { } }`

error: this argument is a mutable reference, but not used mutably
  --> $DIR/infinite_loop.rs:9:17
   |
LL | fn fn_mutref(i: &mut i32) {
   |                 ^^^^^^^^ help: consider changing to: `&i32`
   |
   = note: `-D clippy::needless-pass-by-ref-mut` implied by `-D warnings`

error: aborting due to 12 previous errors

