error: statement with no effect
  --> $DIR/no_effect_return.rs:9:9
   |
LL |         0u32;
   |         -^^^^
   |         |
   |         help: did you mean to return it?: `return`
   |
   = note: `-D clippy::no-effect` implied by `-D warnings`

error: statement with no effect
  --> $DIR/no_effect_return.rs:16:9
   |
LL |         0u32;
   |         -^^^^
   |         |
   |         help: did you mean to return it?: `return`

error: statement with no effect
  --> $DIR/no_effect_return.rs:24:9
   |
LL |         0i32 as C;
   |         -^^^^^^^^^
   |         |
   |         help: did you mean to return it?: `return`

error: statement with no effect
  --> $DIR/no_effect_return.rs:32:9
   |
LL |         0u128;
   |         ^^^^^^

error: statement with no effect
  --> $DIR/no_effect_return.rs:41:9
   |
LL |         0u16;
   |         ^^^^^

error: statement with no effect
  --> $DIR/no_effect_return.rs:48:9
   |
LL |         [1u16];
   |         -^^^^^^
   |         |
   |         help: did you mean to return it?: `return`

error: statement with no effect
  --> $DIR/no_effect_return.rs:55:9
   |
LL |         ControlFlow::Break::<()>(());
   |         -^^^^^^^^^^^^^^^^^^^^^^^^^^^^
   |         |
   |         help: did you mean to return it?: `return`

error: statement with no effect
  --> $DIR/no_effect_return.rs:71:9
   |
LL |         ();
   |         -^^
   |         |
   |         help: did you mean to return it?: `return`

error: statement with no effect
  --> $DIR/no_effect_return.rs:79:9
   |
LL |         ();
   |         ^^^

error: aborting due to 9 previous errors

