error: unnecessary structure name repetition
  --> tests/ui/use_self.rs:24:21
   |
LL |         fn new() -> Foo {
   |                     ^^^ help: use the applicable keyword: `Self`
   |
   = note: `-D clippy::use-self` implied by `-D warnings`
   = help: to override `-D warnings` add `#[allow(clippy::use_self)]`

error: unnecessary structure name repetition
  --> tests/ui/use_self.rs:25:13
   |
LL |             Foo {}
   |             ^^^ help: use the applicable keyword: `Self`

error: unnecessary structure name repetition
  --> tests/ui/use_self.rs:27:22
   |
LL |         fn test() -> Foo {
   |                      ^^^ help: use the applicable keyword: `Self`

error: unnecessary structure name repetition
  --> tests/ui/use_self.rs:28:13
   |
LL |             Foo::new()
   |             ^^^ help: use the applicable keyword: `Self`

error: unnecessary structure name repetition
  --> tests/ui/use_self.rs:33:25
   |
LL |         fn default() -> Foo {
   |                         ^^^ help: use the applicable keyword: `Self`

error: unnecessary structure name repetition
  --> tests/ui/use_self.rs:34:13
   |
LL |             Foo::new()
   |             ^^^ help: use the applicable keyword: `Self`

error: unnecessary structure name repetition
  --> tests/ui/use_self.rs:75:28
   |
LL |         fn clone(&self) -> Foo<'a> {
   |                            ^^^^^^^ help: use the applicable keyword: `Self`

error: unnecessary structure name repetition
  --> tests/ui/use_self.rs:108:24
   |
LL |         fn bad(foos: &[Foo]) -> impl Iterator<Item = &Foo> {
   |                        ^^^ help: use the applicable keyword: `Self`

error: unnecessary structure name repetition
  --> tests/ui/use_self.rs:108:55
   |
LL |         fn bad(foos: &[Foo]) -> impl Iterator<Item = &Foo> {
   |                                                       ^^^ help: use the applicable keyword: `Self`

error: unnecessary structure name repetition
  --> tests/ui/use_self.rs:123:13
   |
LL |             TS(0)
   |             ^^ help: use the applicable keyword: `Self`

error: unnecessary structure name repetition
  --> tests/ui/use_self.rs:158:29
   |
LL |                 fn bar() -> Bar {
   |                             ^^^ help: use the applicable keyword: `Self`

error: unnecessary structure name repetition
  --> tests/ui/use_self.rs:159:21
   |
LL |                     Bar { foo: Foo {} }
   |                     ^^^ help: use the applicable keyword: `Self`

error: unnecessary structure name repetition
  --> tests/ui/use_self.rs:170:21
   |
LL |         fn baz() -> Foo {
   |                     ^^^ help: use the applicable keyword: `Self`

error: unnecessary structure name repetition
  --> tests/ui/use_self.rs:171:13
   |
LL |             Foo {}
   |             ^^^ help: use the applicable keyword: `Self`

error: unnecessary structure name repetition
  --> tests/ui/use_self.rs:188:21
   |
LL |             let _ = Enum::B(42);
   |                     ^^^^ help: use the applicable keyword: `Self`

error: unnecessary structure name repetition
  --> tests/ui/use_self.rs:189:21
   |
LL |             let _ = Enum::C { field: true };
   |                     ^^^^ help: use the applicable keyword: `Self`

error: unnecessary structure name repetition
  --> tests/ui/use_self.rs:190:21
   |
LL |             let _ = Enum::A;
   |                     ^^^^ help: use the applicable keyword: `Self`

error: unnecessary structure name repetition
  --> tests/ui/use_self.rs:232:13
   |
LL |             nested::A::fun_1();
   |             ^^^^^^^^^ help: use the applicable keyword: `Self`

error: unnecessary structure name repetition
  --> tests/ui/use_self.rs:233:13
   |
LL |             nested::A::A;
   |             ^^^^^^^^^ help: use the applicable keyword: `Self`

error: unnecessary structure name repetition
  --> tests/ui/use_self.rs:235:13
   |
LL |             nested::A {};
   |             ^^^^^^^^^ help: use the applicable keyword: `Self`

error: unnecessary structure name repetition
  --> tests/ui/use_self.rs:254:13
   |
LL |             TestStruct::from_something()
   |             ^^^^^^^^^^ help: use the applicable keyword: `Self`

error: unnecessary structure name repetition
  --> tests/ui/use_self.rs:268:25
   |
LL |         async fn g() -> S {
   |                         ^ help: use the applicable keyword: `Self`

error: unnecessary structure name repetition
  --> tests/ui/use_self.rs:269:13
   |
LL |             S {}
   |             ^ help: use the applicable keyword: `Self`

error: unnecessary structure name repetition
  --> tests/ui/use_self.rs:273:16
   |
LL |             &p[S::A..S::B]
   |                ^ help: use the applicable keyword: `Self`

error: unnecessary structure name repetition
  --> tests/ui/use_self.rs:273:22
   |
LL |             &p[S::A..S::B]
   |                      ^ help: use the applicable keyword: `Self`

error: unnecessary structure name repetition
  --> tests/ui/use_self.rs:296:29
   |
LL |         fn foo(value: T) -> Foo<T> {
   |                             ^^^^^^ help: use the applicable keyword: `Self`

error: unnecessary structure name repetition
  --> tests/ui/use_self.rs:297:13
   |
LL |             Foo::<T> { value }
   |             ^^^^^^^^ help: use the applicable keyword: `Self`

error: unnecessary structure name repetition
  --> tests/ui/use_self.rs:469:13
   |
LL |             A::new::<submod::B>(submod::B {})
   |             ^ help: use the applicable keyword: `Self`

error: unnecessary structure name repetition
  --> tests/ui/use_self.rs:506:13
   |
LL |             S2::new()
   |             ^^ help: use the applicable keyword: `Self`

error: unnecessary structure name repetition
  --> tests/ui/use_self.rs:543:17
   |
LL |                 Foo::Bar => unimplemented!(),
   |                 ^^^ help: use the applicable keyword: `Self`

error: unnecessary structure name repetition
  --> tests/ui/use_self.rs:544:17
   |
LL |                 Foo::Baz => unimplemented!(),
   |                 ^^^ help: use the applicable keyword: `Self`

error: unnecessary structure name repetition
  --> tests/ui/use_self.rs:550:20
   |
LL |             if let Foo::Bar = self {
   |                    ^^^ help: use the applicable keyword: `Self`

error: unnecessary structure name repetition
  --> tests/ui/use_self.rs:574:17
   |
LL |                 Something::Num(n) => *n,
   |                 ^^^^^^^^^ help: use the applicable keyword: `Self`

error: unnecessary structure name repetition
  --> tests/ui/use_self.rs:575:17
   |
LL |                 Something::TupleNums(n, _m) => *n,
   |                 ^^^^^^^^^ help: use the applicable keyword: `Self`

error: unnecessary structure name repetition
  --> tests/ui/use_self.rs:576:17
   |
LL |                 Something::StructNums { one, two: _ } => *one,
   |                 ^^^^^^^^^ help: use the applicable keyword: `Self`

error: unnecessary structure name repetition
  --> tests/ui/use_self.rs:582:17
   |
LL |                 crate::issue8845::Something::Num(n) => *n,
   |                 ^^^^^^^^^^^^^^^^^^^^^^^^^^^ help: use the applicable keyword: `Self`

error: unnecessary structure name repetition
  --> tests/ui/use_self.rs:583:17
   |
LL |                 crate::issue8845::Something::TupleNums(n, _m) => *n,
   |                 ^^^^^^^^^^^^^^^^^^^^^^^^^^^ help: use the applicable keyword: `Self`

error: unnecessary structure name repetition
  --> tests/ui/use_self.rs:584:17
   |
LL |                 crate::issue8845::Something::StructNums { one, two: _ } => *one,
   |                 ^^^^^^^^^^^^^^^^^^^^^^^^^^^ help: use the applicable keyword: `Self`

error: unnecessary structure name repetition
  --> tests/ui/use_self.rs:600:17
   |
LL |             let Foo(x) = self;
   |                 ^^^ help: use the applicable keyword: `Self`

error: unnecessary structure name repetition
  --> tests/ui/use_self.rs:605:17
   |
LL |             let crate::issue8845::Foo(x) = self;
   |                 ^^^^^^^^^^^^^^^^^^^^^ help: use the applicable keyword: `Self`

error: unnecessary structure name repetition
  --> tests/ui/use_self.rs:612:17
   |
LL |             let Bar { x, .. } = self;
   |                 ^^^ help: use the applicable keyword: `Self`

error: unnecessary structure name repetition
  --> tests/ui/use_self.rs:617:17
   |
LL |             let crate::issue8845::Bar { x, .. } = self;
   |                 ^^^^^^^^^^^^^^^^^^^^^ help: use the applicable keyword: `Self`

error: unnecessary structure name repetition
  --> tests/ui/use_self.rs:656:17
   |
LL |                 E::A => {},
   |                 ^ help: use the applicable keyword: `Self`

error: aborting due to 43 previous errors

