error: literal with an empty format string
  --> tests/ui/write_literal_unfixable.rs:10:24
   |
LL |     writeln!(v, r"{}", '"');
   |                        ^^^
   |
   = note: `-D clippy::write-literal` implied by `-D warnings`
   = help: to override `-D warnings` add `#[allow(clippy::write_literal)]`

error: literal with an empty format string
  --> tests/ui/write_literal_unfixable.rs:14:28
   |
LL |     writeln!(v, r#"{}{}"#, '#', '"');
   |                            ^^^^^^^^

error: aborting due to 2 previous errors

