warning: using config file `$DIR/$DIR/multiple_config_files/warn/.clippy.toml`, `$DIR/$DIR/multiple_config_files/warn/clippy.toml` will be ignored

